Archive member included because of file (symbol)

/usr/lib/gcc/msp430/4.6.3/mmpy-16/libgcc.a(_mul_sf.o)
                              cuckoo.o (__mulsf3)
/usr/lib/gcc/msp430/4.6.3/mmpy-16/libgcc.a(_si_to_sf.o)
                              cuckoo.o (__floatsisf)
/usr/lib/gcc/msp430/4.6.3/mmpy-16/libgcc.a(_thenan_sf.o)
                              /usr/lib/gcc/msp430/4.6.3/mmpy-16/libgcc.a(_mul_sf.o) (__thenan_sf)
/usr/lib/gcc/msp430/4.6.3/mmpy-16/libgcc.a(_clzsi2.o)
                              /usr/lib/gcc/msp430/4.6.3/mmpy-16/libgcc.a(_si_to_sf.o) (__clzsi2)
/usr/lib/gcc/msp430/4.6.3/mmpy-16/libgcc.a(_pack_sf.o)
                              /usr/lib/gcc/msp430/4.6.3/mmpy-16/libgcc.a(_mul_sf.o) (__pack_f)
/usr/lib/gcc/msp430/4.6.3/mmpy-16/libgcc.a(_unpack_sf.o)
                              /usr/lib/gcc/msp430/4.6.3/mmpy-16/libgcc.a(_mul_sf.o) (__unpack_f)
/usr/lib/gcc/msp430/4.6.3/mmpy-16/libgcc.a(_clz.o)
                              /usr/lib/gcc/msp430/4.6.3/mmpy-16/libgcc.a(_clzsi2.o) (__clz_tab)
/usr/lib/gcc/msp430/4.6.3/../../../../msp430/lib/mmpy-16/libc.a(printf.o)
                              cuckoo.o (printf)
/usr/lib/gcc/msp430/4.6.3/../../../../msp430/lib/mmpy-16/libc.a(vuprintf.o)
                              /usr/lib/gcc/msp430/4.6.3/../../../../msp430/lib/mmpy-16/libc.a(printf.o) (vuprintf)
/usr/lib/gcc/msp430/4.6.3/../../../../msp430/lib/mmpy-16/libc.a(puts.o)
                              cuckoo.o (puts)
/usr/lib/gcc/msp430/4.6.3/mmpy-16/libgcc.a(_udivmod16.o)
                              /usr/lib/gcc/msp430/4.6.3/../../../../msp430/lib/mmpy-16/libc.a(vuprintf.o) (__udivhi3)
/usr/lib/gcc/msp430/4.6.3/mmpy-16/libgcc.a(_udivmod32.o)
                              /usr/lib/gcc/msp430/4.6.3/../../../../msp430/lib/mmpy-16/libc.a(vuprintf.o) (__udivsi3)
/usr/lib/gcc/msp430/4.6.3/mmpy-16/libgcc.a(_udivmod64.o)
                              /usr/lib/gcc/msp430/4.6.3/../../../../msp430/lib/mmpy-16/libc.a(vuprintf.o) (__udivdi3)
/usr/lib/gcc/msp430/4.6.3/mmpy-16/libcrt0.a(_reset_vector__.o)
                              /usr/lib/gcc/msp430/4.6.3/mmpy-16/crt0ivtbl16.o (_reset_vector__)
/usr/lib/gcc/msp430/4.6.3/mmpy-16/libcrt0.a(__watchdog_support.o)
                              /usr/lib/gcc/msp430/4.6.3/mmpy-16/libcrt0.a(_reset_vector__.o) (__watchdog_support)
/usr/lib/gcc/msp430/4.6.3/mmpy-16/libcrt0.a(__init_stack.o)
                              /usr/lib/gcc/msp430/4.6.3/mmpy-16/libcrt0.a(_reset_vector__.o) (__init_stack)
/usr/lib/gcc/msp430/4.6.3/mmpy-16/libcrt0.a(__low_level_init.o)
                              /usr/lib/gcc/msp430/4.6.3/mmpy-16/libcrt0.a(_reset_vector__.o) (__low_level_init)
/usr/lib/gcc/msp430/4.6.3/mmpy-16/libcrt0.a(_copy_data.o)
                              /usr/lib/gcc/msp430/4.6.3/mmpy-16/libcrt0.a(_reset_vector__.o) (__do_copy_data)
/usr/lib/gcc/msp430/4.6.3/mmpy-16/libcrt0.a(_clear_bss.o)
                              /usr/lib/gcc/msp430/4.6.3/mmpy-16/libcrt0.a(_reset_vector__.o) (__do_clear_bss)
/usr/lib/gcc/msp430/4.6.3/mmpy-16/libcrt0.a(__stop_progExec__.o)
                              /usr/lib/gcc/msp430/4.6.3/mmpy-16/libcrt0.a(_reset_vector__.o) (__stop_progExec__)
/usr/lib/gcc/msp430/4.6.3/mmpy-16/libcrt0.a(_endless_loop__.o)
                              /usr/lib/gcc/msp430/4.6.3/mmpy-16/libcrt0.a(_reset_vector__.o) (_endless_loop__)
/usr/lib/gcc/msp430/4.6.3/mmpy-16/libcrt0.a(_unexpected_.o)
                              /usr/lib/gcc/msp430/4.6.3/mmpy-16/crt0ivtbl16.o (_unexpected_)

Memory Configuration

Name             Origin             Length             Attributes
sfr              0x0000000000000000 0x0000000000000010
peripheral_8bit  0x0000000000000010 0x00000000000000f0
peripheral_16bit 0x0000000000000100 0x0000000000000100
ram_mirror       0x0000000000000200 0x0000000000000800 xw
infomem          0x0000000000001000 0x0000000000000100
infob            0x0000000000001000 0x0000000000000080
infoa            0x0000000000001080 0x0000000000000080
ram              0x0000000000001100 0x0000000000002800 xw
rom              0x0000000000004000 0x000000000000bfe0 xr
vectors          0x000000000000ffe0 0x0000000000000020
bsl              0x0000000000000000 0x0000000000000000
infoc            0x0000000000000000 0x0000000000000000
infod            0x0000000000000000 0x0000000000000000
ram2             0x0000000000000000 0x0000000000000000 xw
usbram           0x0000000000000000 0x0000000000000000 xw
far_rom          0x0000000000000000 0x0000000000000000
*default*        0x0000000000000000 0xffffffffffffffff

Linker script and memory map

LOAD /usr/lib/gcc/msp430/4.6.3/mmpy-16/crt0ivtbl16.o
LOAD cuckoo.o
LOAD msp430setup.o
LOAD /usr/lib/gcc/msp430/4.6.3/mmpy-16/libgcc.a
LOAD /usr/lib/gcc/msp430/4.6.3/../../../../msp430/lib/mmpy-16/libc.a
LOAD /usr/lib/gcc/msp430/4.6.3/mmpy-16/libgcc.a
LOAD /usr/lib/gcc/msp430/4.6.3/mmpy-16/libcrt0.a
                0x0000000000000080                PROVIDE (__info_segment_size, 0x80)
                0x0000000000001000                PROVIDE (__infob, 0x1000)
                0x0000000000001080                PROVIDE (__infoa, 0x1080)
                0x0000000000000000                __IE1 = 0x0
                0x0000000000000002                __IFG1 = 0x2
                0x0000000000000004                __ME1 = 0x4
                0x0000000000000001                __IE2 = 0x1
                0x0000000000000003                __IFG2 = 0x3
                0x0000000000000005                __ME2 = 0x5
                0x0000000000000120                __WDTCTL = 0x120
                0x0000000000000130                __MPY = 0x130
                0x0000000000000132                __MPYS = 0x132
                0x0000000000000134                __MAC = 0x134
                0x0000000000000136                __MACS = 0x136
                0x0000000000000138                __OP2 = 0x138
                0x000000000000013a                __RESLO = 0x13a
                0x000000000000013c                __RESHI = 0x13c
                0x000000000000013e                __SUMEXT = 0x13e
                0x0000000000000020                __P1IN = 0x20
                0x0000000000000021                __P1OUT = 0x21
                0x0000000000000022                __P1DIR = 0x22
                0x0000000000000023                __P1IFG = 0x23
                0x0000000000000024                __P1IES = 0x24
                0x0000000000000025                __P1IE = 0x25
                0x0000000000000026                __P1SEL = 0x26
                0x0000000000000028                __P2IN = 0x28
                0x0000000000000029                __P2OUT = 0x29
                0x000000000000002a                __P2DIR = 0x2a
                0x000000000000002b                __P2IFG = 0x2b
                0x000000000000002c                __P2IES = 0x2c
                0x000000000000002d                __P2IE = 0x2d
                0x000000000000002e                __P2SEL = 0x2e
                0x0000000000000018                __P3IN = 0x18
                0x0000000000000019                __P3OUT = 0x19
                0x000000000000001a                __P3DIR = 0x1a
                0x000000000000001b                __P3SEL = 0x1b
                0x000000000000001c                __P4IN = 0x1c
                0x000000000000001d                __P4OUT = 0x1d
                0x000000000000001e                __P4DIR = 0x1e
                0x000000000000001f                __P4SEL = 0x1f
                0x0000000000000030                __P5IN = 0x30
                0x0000000000000031                __P5OUT = 0x31
                0x0000000000000032                __P5DIR = 0x32
                0x0000000000000033                __P5SEL = 0x33
                0x0000000000000034                __P6IN = 0x34
                0x0000000000000035                __P6OUT = 0x35
                0x0000000000000036                __P6DIR = 0x36
                0x0000000000000037                __P6SEL = 0x37
                0x0000000000000070                __U0CTL = 0x70
                0x0000000000000071                __U0TCTL = 0x71
                0x0000000000000072                __U0RCTL = 0x72
                0x0000000000000073                __U0MCTL = 0x73
                0x0000000000000074                __U0BR0 = 0x74
                0x0000000000000075                __U0BR1 = 0x75
                0x0000000000000076                __U0RXBUF = 0x76
                0x0000000000000077                __U0TXBUF = 0x77
                0x0000000000000078                __U1CTL = 0x78
                0x0000000000000079                __U1TCTL = 0x79
                0x000000000000007a                __U1RCTL = 0x7a
                0x000000000000007b                __U1MCTL = 0x7b
                0x000000000000007c                __U1BR0 = 0x7c
                0x000000000000007d                __U1BR1 = 0x7d
                0x000000000000007e                __U1RXBUF = 0x7e
                0x000000000000007f                __U1TXBUF = 0x7f
                0x0000000000000050                __I2CIE = 0x50
                0x0000000000000051                __I2CIFG = 0x51
                0x0000000000000052                __I2CNDAT = 0x52
                0x0000000000000071                __I2CTCTL = 0x71
                0x0000000000000072                __I2CDCTL = 0x72
                0x0000000000000073                __I2CPSC = 0x73
                0x0000000000000074                __I2CSCLH = 0x74
                0x0000000000000075                __I2CSCLL = 0x75
                0x0000000000000076                __I2CDRB = 0x76
                0x0000000000000076                __I2CDRW = 0x76
                0x0000000000000118                __I2COA = 0x118
                0x000000000000011a                __I2CSA = 0x11a
                0x000000000000011c                __I2CIV = 0x11c
                0x000000000000012e                __TAIV = 0x12e
                0x0000000000000160                __TACTL = 0x160
                0x0000000000000162                __TACCTL0 = 0x162
                0x0000000000000164                __TACCTL1 = 0x164
                0x0000000000000166                __TACCTL2 = 0x166
                0x0000000000000170                __TAR = 0x170
                0x0000000000000172                __TACCR0 = 0x172
                0x0000000000000174                __TACCR1 = 0x174
                0x0000000000000176                __TACCR2 = 0x176
                0x000000000000011e                __TBIV = 0x11e
                0x0000000000000180                __TBCTL = 0x180
                0x0000000000000182                __TBCCTL0 = 0x182
                0x0000000000000184                __TBCCTL1 = 0x184
                0x0000000000000186                __TBCCTL2 = 0x186
                0x0000000000000188                __TBCCTL3 = 0x188
                0x000000000000018a                __TBCCTL4 = 0x18a
                0x000000000000018c                __TBCCTL5 = 0x18c
                0x000000000000018e                __TBCCTL6 = 0x18e
                0x0000000000000190                __TBR = 0x190
                0x0000000000000192                __TBCCR0 = 0x192
                0x0000000000000194                __TBCCR1 = 0x194
                0x0000000000000196                __TBCCR2 = 0x196
                0x0000000000000198                __TBCCR3 = 0x198
                0x000000000000019a                __TBCCR4 = 0x19a
                0x000000000000019c                __TBCCR5 = 0x19c
                0x000000000000019e                __TBCCR6 = 0x19e
                0x0000000000000056                __DCOCTL = 0x56
                0x0000000000000057                __BCSCTL1 = 0x57
                0x0000000000000058                __BCSCTL2 = 0x58
                0x0000000000000055                __SVSCTL = 0x55
                0x0000000000000128                __FCTL1 = 0x128
                0x000000000000012a                __FCTL2 = 0x12a
                0x000000000000012c                __FCTL3 = 0x12c
                0x0000000000000059                __CACTL1 = 0x59
                0x000000000000005a                __CACTL2 = 0x5a
                0x000000000000005b                __CAPD = 0x5b
                0x00000000000001a0                __ADC12CTL0 = 0x1a0
                0x00000000000001a2                __ADC12CTL1 = 0x1a2
                0x00000000000001a4                __ADC12IFG = 0x1a4
                0x00000000000001a6                __ADC12IE = 0x1a6
                0x00000000000001a8                __ADC12IV = 0x1a8
                0x0000000000000140                __ADC12MEM0 = 0x140
                0x0000000000000142                __ADC12MEM1 = 0x142
                0x0000000000000144                __ADC12MEM2 = 0x144
                0x0000000000000146                __ADC12MEM3 = 0x146
                0x0000000000000148                __ADC12MEM4 = 0x148
                0x000000000000014a                __ADC12MEM5 = 0x14a
                0x000000000000014c                __ADC12MEM6 = 0x14c
                0x000000000000014e                __ADC12MEM7 = 0x14e
                0x0000000000000150                __ADC12MEM8 = 0x150
                0x0000000000000152                __ADC12MEM9 = 0x152
                0x0000000000000154                __ADC12MEM10 = 0x154
                0x0000000000000156                __ADC12MEM11 = 0x156
                0x0000000000000158                __ADC12MEM12 = 0x158
                0x000000000000015a                __ADC12MEM13 = 0x15a
                0x000000000000015c                __ADC12MEM14 = 0x15c
                0x000000000000015e                __ADC12MEM15 = 0x15e
                0x0000000000000080                __ADC12MCTL0 = 0x80
                0x0000000000000081                __ADC12MCTL1 = 0x81
                0x0000000000000082                __ADC12MCTL2 = 0x82
                0x0000000000000083                __ADC12MCTL3 = 0x83
                0x0000000000000084                __ADC12MCTL4 = 0x84
                0x0000000000000085                __ADC12MCTL5 = 0x85
                0x0000000000000086                __ADC12MCTL6 = 0x86
                0x0000000000000087                __ADC12MCTL7 = 0x87
                0x0000000000000088                __ADC12MCTL8 = 0x88
                0x0000000000000089                __ADC12MCTL9 = 0x89
                0x000000000000008a                __ADC12MCTL10 = 0x8a
                0x000000000000008b                __ADC12MCTL11 = 0x8b
                0x000000000000008c                __ADC12MCTL12 = 0x8c
                0x000000000000008d                __ADC12MCTL13 = 0x8d
                0x000000000000008e                __ADC12MCTL14 = 0x8e
                0x000000000000008f                __ADC12MCTL15 = 0x8f
                0x00000000000001c0                __DAC12_0CTL = 0x1c0
                0x00000000000001c2                __DAC12_1CTL = 0x1c2
                0x00000000000001c8                __DAC12_0DAT = 0x1c8
                0x00000000000001ca                __DAC12_1DAT = 0x1ca
                0x0000000000000122                __DMACTL0 = 0x122
                0x0000000000000124                __DMACTL1 = 0x124
                0x00000000000001e0                __DMA0CTL = 0x1e0
                0x00000000000001e8                __DMA1CTL = 0x1e8
                0x00000000000001f0                __DMA2CTL = 0x1f0
                0x00000000000001e2                __DMA0SA = 0x1e2
                0x00000000000001e4                __DMA0DA = 0x1e4
                0x00000000000001e6                __DMA0SZ = 0x1e6
                0x00000000000001ea                __DMA1SA = 0x1ea
                0x00000000000001ec                __DMA1DA = 0x1ec
                0x00000000000001ee                __DMA1SZ = 0x1ee
                0x00000000000001f2                __DMA2SA = 0x1f2
                0x00000000000001f4                __DMA2DA = 0x1f4
                0x00000000000001f6                __DMA2SZ = 0x1f6

.hash
 *(.hash)

.dynsym
 *(.dynsym)

.dynstr
 *(.dynstr)

.gnu.version
 *(.gnu.version)

.gnu.version_d
 *(.gnu.version_d)

.gnu.version_r
 *(.gnu.version_r)

.rel.init
 *(.rel.init)

.rela.init
 *(.rela.init)

.rel.fini
 *(.rel.fini)

.rela.fini
 *(.rela.fini)

.rel.text
 *(.rel.text .rel.text.* .rel.gnu.linkonce.t.*)

.rela.text
 *(.rela.text .rela.text.* .rela.gnu.linkonce.t.*)

.rel.rodata
 *(.rel.rodata .rel.rodata.* .rel.gnu.linkonce.r.*)

.rela.rodata
 *(.rela.rodata .rela.rodata.* .rela.gnu.linkonce.r.*)

.rel.data
 *(.rel.data .rel.data.* .rel.gnu.linkonce.d.*)

.rela.data
 *(.rela.data .rela.data.* .rela.gnu.linkonce.d.*)

.rel.bss
 *(.rel.bss .rel.bss.* .rel.gnu.linkonce.b.*)

.rela.bss
 *(.rela.bss .rela.bss.* .rela.gnu.linkonce.b.*)

.rel.ctors
 *(.rel.ctors)

.rela.ctors
 *(.rela.ctors)

.rel.dtors
 *(.rel.dtors)

.rela.dtors
 *(.rela.dtors)

.rel.got
 *(.rel.got)

.rela.got
 *(.rela.got)

.rel.plt
 *(.rel.plt)

.rela.plt
 *(.rela.plt)

.text           0x0000000000004000     0x16a4
                0x0000000000004000                . = ALIGN (0x2)
 *(.init .init.*)
 *(.init0)
 .init0         0x0000000000004000        0x0 /usr/lib/gcc/msp430/4.6.3/mmpy-16/libcrt0.a(_reset_vector__.o)
                0x0000000000004000                _reset_vector__
 *(.init1)
 .init1         0x0000000000004000        0xc /usr/lib/gcc/msp430/4.6.3/mmpy-16/libcrt0.a(__watchdog_support.o)
                0x0000000000004000                __watchdog_support
 *(.init2)
 .init2         0x000000000000400c        0x4 /usr/lib/gcc/msp430/4.6.3/mmpy-16/libcrt0.a(__init_stack.o)
                0x000000000000400c                __init_stack
 *(.init3)
 .init3         0x0000000000004010        0x0 /usr/lib/gcc/msp430/4.6.3/mmpy-16/libcrt0.a(__low_level_init.o)
                0x0000000000004010                __low_level_init
 *(.init4)
 .init4         0x0000000000004010       0x18 /usr/lib/gcc/msp430/4.6.3/mmpy-16/libcrt0.a(_copy_data.o)
                0x0000000000004010                __do_copy_data
 .init4         0x0000000000004028       0x16 /usr/lib/gcc/msp430/4.6.3/mmpy-16/libcrt0.a(_clear_bss.o)
                0x0000000000004028                __do_clear_bss
 *(.init5)
 *(.init6)
 *(.init7)
 *(.init8)
 *(.init9)
 .init9         0x000000000000403e       0x28 cuckoo.o
                0x000000000000403e                main
 *(.fini9)
 .fini9         0x0000000000004066        0x0 /usr/lib/gcc/msp430/4.6.3/mmpy-16/libcrt0.a(__stop_progExec__.o)
                0x0000000000004066                __stop_progExec__
 *(.fini8)
 *(.fini7)
 *(.fini6)
 *(.fini5)
 *(.fini4)
 *(.fini3)
 *(.fini2)
 *(.fini1)
 *(.fini0)
 .fini0         0x0000000000004066        0x6 /usr/lib/gcc/msp430/4.6.3/mmpy-16/libcrt0.a(_endless_loop__.o)
                0x0000000000004066                _endless_loop__
 *(.fini .fini.*)
                0x000000000000406c                . = ALIGN (0x2)
                0x000000000000406c                __ctors_start = .
 *(.ctors)
                0x000000000000406c                __ctors_end = .
                0x000000000000406c                __dtors_start = .
 *(.dtors)
                0x000000000000406c                __dtors_end = .
                0x000000000000406c                . = ALIGN (0x2)
 *(.text .text.* .gnu.linkonce.t.*)
 .text          0x000000000000406c        0x4 /usr/lib/gcc/msp430/4.6.3/mmpy-16/crt0ivtbl16.o
                0x000000000000406c                __isr_14
                0x000000000000406c                __isr_4
                0x000000000000406c                __isr_11
                0x000000000000406c                __isr_5
                0x000000000000406c                __isr_2
                0x000000000000406c                __isr_10
                0x000000000000406c                __isr_7
                0x000000000000406c                __isr_0
                0x000000000000406c                __isr_8
                0x000000000000406c                __isr_12
                0x000000000000406c                __isr_13
                0x000000000000406c                __isr_9
                0x000000000000406c                __isr_6
                0x000000000000406c                __isr_1
 .text.crt0     0x0000000000004070        0x0 /usr/lib/gcc/msp430/4.6.3/mmpy-16/crt0ivtbl16.o
 .text          0x0000000000004070      0x448 cuckoo.o
                0x0000000000004096                initCuckooHash
                0x00000000000040c2                hash1
                0x00000000000040dc                hash2
                0x00000000000040f6                getHash
                0x0000000000004132                insertItem
                0x00000000000041a8                search
                0x00000000000041fa                delete
 .text          0x00000000000044b8      0x1da msp430setup.o
                0x00000000000044b8                __isr_3
                0x00000000000044b8                rs232_rx_usart1
                0x00000000000044e6                rs232_send
                0x00000000000044f6                rs232_set_speed
                0x0000000000004544                rs232_init
                0x000000000000456a                rs232_set_input
                0x0000000000004570                putchar
                0x0000000000004580                esb_sensors_init
                0x000000000000458e                esb_sensors_on
                0x0000000000004596                esb_sensors_off
                0x000000000000459e                msp430_setup
 .text          0x0000000000004692      0x224 /usr/lib/gcc/msp430/4.6.3/mmpy-16/libgcc.a(_mul_sf.o)
                0x0000000000004692                __mulsf3
 .text          0x00000000000048b6       0xa6 /usr/lib/gcc/msp430/4.6.3/mmpy-16/libgcc.a(_si_to_sf.o)
                0x00000000000048b6                __floatsisf
 .text          0x000000000000495c        0x0 /usr/lib/gcc/msp430/4.6.3/mmpy-16/libgcc.a(_thenan_sf.o)
 .text          0x000000000000495c       0x72 /usr/lib/gcc/msp430/4.6.3/mmpy-16/libgcc.a(_clzsi2.o)
                0x000000000000495c                __clzsi2
 .text          0x00000000000049ce      0x1de /usr/lib/gcc/msp430/4.6.3/mmpy-16/libgcc.a(_pack_sf.o)
                0x00000000000049ce                __pack_f
 .text          0x0000000000004bac      0x124 /usr/lib/gcc/msp430/4.6.3/mmpy-16/libgcc.a(_unpack_sf.o)
                0x0000000000004bac                __unpack_f
 .text          0x0000000000004cd0        0x0 /usr/lib/gcc/msp430/4.6.3/mmpy-16/libgcc.a(_clz.o)
 .text          0x0000000000004cd0       0x1e /usr/lib/gcc/msp430/4.6.3/../../../../msp430/lib/mmpy-16/libc.a(printf.o)
                0x0000000000004cd0                printf
                0x0000000000004ce0                vprintf
 .text          0x0000000000004cee      0x836 /usr/lib/gcc/msp430/4.6.3/../../../../msp430/lib/mmpy-16/libc.a(vuprintf.o)
                0x0000000000004e86                vuprintf
 .text          0x0000000000005524       0x2c /usr/lib/gcc/msp430/4.6.3/../../../../msp430/lib/mmpy-16/libc.a(puts.o)
                0x0000000000005524                puts
 .text          0x0000000000005550        0x0 /usr/lib/gcc/msp430/4.6.3/mmpy-16/libgcc.a(_udivmod16.o)
 .text.libgcc   0x0000000000005550       0x22 /usr/lib/gcc/msp430/4.6.3/mmpy-16/libgcc.a(_udivmod16.o)
                0x0000000000005550                __udivhi3
                0x0000000000005550                __ext_udivmod16
                0x000000000000556a                __umodhi3
 .text          0x0000000000005572        0x0 /usr/lib/gcc/msp430/4.6.3/mmpy-16/libgcc.a(_udivmod32.o)
 .text.libgcc   0x0000000000005572       0x40 /usr/lib/gcc/msp430/4.6.3/mmpy-16/libgcc.a(_udivmod32.o)
                0x0000000000005572                __udivsi3
                0x0000000000005572                __ext_udivmod32
                0x00000000000055a8                __umodsi3
 .text          0x00000000000055b2        0x0 /usr/lib/gcc/msp430/4.6.3/mmpy-16/libgcc.a(_udivmod64.o)
 .text.libgcc   0x00000000000055b2       0xf0 /usr/lib/gcc/msp430/4.6.3/mmpy-16/libgcc.a(_udivmod64.o)
                0x00000000000055b2                __xabi_udivmod64
                0x0000000000005610                __udivdi3
                0x0000000000005636                __umoddi3
                0x0000000000005664                __udivmoddi4
 .text          0x00000000000056a2        0x0 /usr/lib/gcc/msp430/4.6.3/mmpy-16/libcrt0.a(_reset_vector__.o)
 .text          0x00000000000056a2        0x0 /usr/lib/gcc/msp430/4.6.3/mmpy-16/libcrt0.a(__watchdog_support.o)
 .text          0x00000000000056a2        0x0 /usr/lib/gcc/msp430/4.6.3/mmpy-16/libcrt0.a(__init_stack.o)
 .text          0x00000000000056a2        0x0 /usr/lib/gcc/msp430/4.6.3/mmpy-16/libcrt0.a(__low_level_init.o)
 .text          0x00000000000056a2        0x0 /usr/lib/gcc/msp430/4.6.3/mmpy-16/libcrt0.a(_copy_data.o)
 .text          0x00000000000056a2        0x0 /usr/lib/gcc/msp430/4.6.3/mmpy-16/libcrt0.a(_clear_bss.o)
 .text          0x00000000000056a2        0x0 /usr/lib/gcc/msp430/4.6.3/mmpy-16/libcrt0.a(__stop_progExec__.o)
 .text          0x00000000000056a2        0x0 /usr/lib/gcc/msp430/4.6.3/mmpy-16/libcrt0.a(_endless_loop__.o)
 .text          0x00000000000056a2        0x0 /usr/lib/gcc/msp430/4.6.3/mmpy-16/libcrt0.a(_unexpected_.o)
 .text.crt0     0x00000000000056a2        0x2 /usr/lib/gcc/msp430/4.6.3/mmpy-16/libcrt0.a(_unexpected_.o)
                0x00000000000056a2                _unexpected_
                0x00000000000056a4                . = ALIGN (0x2)

.rodata         0x00000000000056a4      0x308
                0x00000000000056a4                . = ALIGN (0x2)
 *(.rodata .rodata.* .gnu.linkonce.r.*)
 .rodata        0x00000000000056a4      0x1f8 cuckoo.o
 .rodata        0x000000000000589c        0x8 /usr/lib/gcc/msp430/4.6.3/mmpy-16/libgcc.a(_thenan_sf.o)
                0x000000000000589c                __thenan_sf
 .rodata        0x00000000000058a4      0x100 /usr/lib/gcc/msp430/4.6.3/mmpy-16/libgcc.a(_clz.o)
                0x00000000000058a4                __clz_tab
 .rodata        0x00000000000059a4        0x7 /usr/lib/gcc/msp430/4.6.3/../../../../msp430/lib/mmpy-16/libc.a(vuprintf.o)
                0x00000000000059ac                . = ALIGN (0x2)
 *fill*         0x00000000000059ab        0x1 00
                0x00000000000059ac                _etext = .

.data           0x0000000000001100        0x0 load address 0x00000000000059ac
                0x0000000000001100                . = ALIGN (0x2)
                0x0000000000001100                PROVIDE (__data_start, .)
 *(.data .data.* .gnu.linkonce.d.*)
 .data          0x0000000000001100        0x0 /usr/lib/gcc/msp430/4.6.3/mmpy-16/crt0ivtbl16.o
 .data          0x0000000000001100        0x0 cuckoo.o
 .data          0x0000000000001100        0x0 msp430setup.o
 .data          0x0000000000001100        0x0 /usr/lib/gcc/msp430/4.6.3/mmpy-16/libgcc.a(_mul_sf.o)
 .data          0x0000000000001100        0x0 /usr/lib/gcc/msp430/4.6.3/mmpy-16/libgcc.a(_si_to_sf.o)
 .data          0x0000000000001100        0x0 /usr/lib/gcc/msp430/4.6.3/mmpy-16/libgcc.a(_thenan_sf.o)
 .data          0x0000000000001100        0x0 /usr/lib/gcc/msp430/4.6.3/mmpy-16/libgcc.a(_clzsi2.o)
 .data          0x0000000000001100        0x0 /usr/lib/gcc/msp430/4.6.3/mmpy-16/libgcc.a(_pack_sf.o)
 .data          0x0000000000001100        0x0 /usr/lib/gcc/msp430/4.6.3/mmpy-16/libgcc.a(_unpack_sf.o)
 .data          0x0000000000001100        0x0 /usr/lib/gcc/msp430/4.6.3/mmpy-16/libgcc.a(_clz.o)
 .data          0x0000000000001100        0x0 /usr/lib/gcc/msp430/4.6.3/../../../../msp430/lib/mmpy-16/libc.a(printf.o)
 .data          0x0000000000001100        0x0 /usr/lib/gcc/msp430/4.6.3/../../../../msp430/lib/mmpy-16/libc.a(vuprintf.o)
 .data          0x0000000000001100        0x0 /usr/lib/gcc/msp430/4.6.3/../../../../msp430/lib/mmpy-16/libc.a(puts.o)
 .data          0x0000000000001100        0x0 /usr/lib/gcc/msp430/4.6.3/mmpy-16/libgcc.a(_udivmod16.o)
 .data          0x0000000000001100        0x0 /usr/lib/gcc/msp430/4.6.3/mmpy-16/libgcc.a(_udivmod32.o)
 .data          0x0000000000001100        0x0 /usr/lib/gcc/msp430/4.6.3/mmpy-16/libgcc.a(_udivmod64.o)
 .data          0x0000000000001100        0x0 /usr/lib/gcc/msp430/4.6.3/mmpy-16/libcrt0.a(_reset_vector__.o)
 .data          0x0000000000001100        0x0 /usr/lib/gcc/msp430/4.6.3/mmpy-16/libcrt0.a(__watchdog_support.o)
 .data          0x0000000000001100        0x0 /usr/lib/gcc/msp430/4.6.3/mmpy-16/libcrt0.a(__init_stack.o)
 .data          0x0000000000001100        0x0 /usr/lib/gcc/msp430/4.6.3/mmpy-16/libcrt0.a(__low_level_init.o)
 .data          0x0000000000001100        0x0 /usr/lib/gcc/msp430/4.6.3/mmpy-16/libcrt0.a(_copy_data.o)
 .data          0x0000000000001100        0x0 /usr/lib/gcc/msp430/4.6.3/mmpy-16/libcrt0.a(_clear_bss.o)
 .data          0x0000000000001100        0x0 /usr/lib/gcc/msp430/4.6.3/mmpy-16/libcrt0.a(__stop_progExec__.o)
 .data          0x0000000000001100        0x0 /usr/lib/gcc/msp430/4.6.3/mmpy-16/libcrt0.a(_endless_loop__.o)
 .data          0x0000000000001100        0x0 /usr/lib/gcc/msp430/4.6.3/mmpy-16/libcrt0.a(_unexpected_.o)
                0x0000000000001100                . = ALIGN (0x2)
                0x0000000000001100                _edata = .
                0x00000000000059ac                PROVIDE (__data_load_start, LOADADDR (.data))
                0x0000000000000000                PROVIDE (__data_size, SIZEOF (.data))

.bss            0x0000000000001100        0x4 load address 0x00000000000059ac
                0x0000000000001100                PROVIDE (__bss_start, .)
 *(.bss .bss.*)
 .bss           0x0000000000001100        0x0 /usr/lib/gcc/msp430/4.6.3/mmpy-16/crt0ivtbl16.o
 .bss           0x0000000000001100        0x2 cuckoo.o
 .bss           0x0000000000001102        0x2 msp430setup.o
 .bss           0x0000000000001104        0x0 /usr/lib/gcc/msp430/4.6.3/mmpy-16/libgcc.a(_mul_sf.o)
 .bss           0x0000000000001104        0x0 /usr/lib/gcc/msp430/4.6.3/mmpy-16/libgcc.a(_si_to_sf.o)
 .bss           0x0000000000001104        0x0 /usr/lib/gcc/msp430/4.6.3/mmpy-16/libgcc.a(_thenan_sf.o)
 .bss           0x0000000000001104        0x0 /usr/lib/gcc/msp430/4.6.3/mmpy-16/libgcc.a(_clzsi2.o)
 .bss           0x0000000000001104        0x0 /usr/lib/gcc/msp430/4.6.3/mmpy-16/libgcc.a(_pack_sf.o)
 .bss           0x0000000000001104        0x0 /usr/lib/gcc/msp430/4.6.3/mmpy-16/libgcc.a(_unpack_sf.o)
 .bss           0x0000000000001104        0x0 /usr/lib/gcc/msp430/4.6.3/mmpy-16/libgcc.a(_clz.o)
 .bss           0x0000000000001104        0x0 /usr/lib/gcc/msp430/4.6.3/../../../../msp430/lib/mmpy-16/libc.a(printf.o)
 .bss           0x0000000000001104        0x0 /usr/lib/gcc/msp430/4.6.3/../../../../msp430/lib/mmpy-16/libc.a(vuprintf.o)
 .bss           0x0000000000001104        0x0 /usr/lib/gcc/msp430/4.6.3/../../../../msp430/lib/mmpy-16/libc.a(puts.o)
 .bss           0x0000000000001104        0x0 /usr/lib/gcc/msp430/4.6.3/mmpy-16/libgcc.a(_udivmod16.o)
 .bss           0x0000000000001104        0x0 /usr/lib/gcc/msp430/4.6.3/mmpy-16/libgcc.a(_udivmod32.o)
 .bss           0x0000000000001104        0x0 /usr/lib/gcc/msp430/4.6.3/mmpy-16/libgcc.a(_udivmod64.o)
 .bss           0x0000000000001104        0x0 /usr/lib/gcc/msp430/4.6.3/mmpy-16/libcrt0.a(_reset_vector__.o)
 .bss           0x0000000000001104        0x0 /usr/lib/gcc/msp430/4.6.3/mmpy-16/libcrt0.a(__watchdog_support.o)
 .bss           0x0000000000001104        0x0 /usr/lib/gcc/msp430/4.6.3/mmpy-16/libcrt0.a(__init_stack.o)
 .bss           0x0000000000001104        0x0 /usr/lib/gcc/msp430/4.6.3/mmpy-16/libcrt0.a(__low_level_init.o)
 .bss           0x0000000000001104        0x0 /usr/lib/gcc/msp430/4.6.3/mmpy-16/libcrt0.a(_copy_data.o)
 .bss           0x0000000000001104        0x0 /usr/lib/gcc/msp430/4.6.3/mmpy-16/libcrt0.a(_clear_bss.o)
 .bss           0x0000000000001104        0x0 /usr/lib/gcc/msp430/4.6.3/mmpy-16/libcrt0.a(__stop_progExec__.o)
 .bss           0x0000000000001104        0x0 /usr/lib/gcc/msp430/4.6.3/mmpy-16/libcrt0.a(_endless_loop__.o)
 .bss           0x0000000000001104        0x0 /usr/lib/gcc/msp430/4.6.3/mmpy-16/libcrt0.a(_unexpected_.o)
 *(COMMON)
                0x0000000000001104                . = ALIGN (0x2)
                0x0000000000001104                PROVIDE (__bss_end, .)
                0x0000000000000004                PROVIDE (__bss_size, SIZEOF (.bss))

.noinit         0x0000000000001104        0x2 load address 0x00000000000059ac
                0x0000000000001104                PROVIDE (__noinit_start, .)
 *(.noinit .noinit.*)
 .noinit.crt0   0x0000000000001104        0x2 /usr/lib/gcc/msp430/4.6.3/mmpy-16/libcrt0.a(__watchdog_support.o)
                0x0000000000001104                __wdt_clear_value
                0x0000000000001106                . = ALIGN (0x2)
                0x0000000000001106                PROVIDE (__noinit_end, .)
                0x0000000000001106                . = ALIGN (0x2)
                0x0000000000001106                _end = .

.infomem        0x0000000000001000        0x0
 *(.infomem)
                0x0000000000001000                . = ALIGN (0x2)
 *(.infomem.*)

.infomemnobits  0x0000000000001000        0x0
 *(.infomemnobits)
                0x0000000000001000                . = ALIGN (0x2)
 *(.infomemnobits.*)

.infoa
 *(.infoa .infoa.*)

.infob
 *(.infob .infob.*)

.infoc
 *(.infoc .infoc.*)

.infod
 *(.infod .infod.*)

.vectors        0x000000000000ffe0       0x20
                0x000000000000ffe0                PROVIDE (__vectors_start, .)
 *(.vectors*)
 .vectors       0x000000000000ffe0       0x20 /usr/lib/gcc/msp430/4.6.3/mmpy-16/crt0ivtbl16.o
                0x000000000000ffe0                __ivtbl_16
                0x0000000000010000                _vectors_end = .

.fartext        0x0000000000000000        0x0
                0x0000000000000000                . = ALIGN (0x2)
 *(.fartext)
                0x0000000000000000                . = ALIGN (0x2)
 *(.fartext.*)
                0x0000000000000000                _efartext = .

.profiler
 *(.profiler)

.stab           0x0000000000000000     0x189c
 *(.stab)
 .stab          0x0000000000000000     0x1050 cuckoo.o
 .stab          0x0000000000001050      0x84c msp430setup.o
                                        0xbdc (size before relaxing)

.stabstr        0x0000000000000000      0xf42
 *(.stabstr)
 .stabstr       0x0000000000000000      0xf42 cuckoo.o

.stab.excl
 *(.stab.excl)

.stab.exclstr
 *(.stab.exclstr)

.stab.index
 *(.stab.index)

.stab.indexstr
 *(.stab.indexstr)

.comment
 *(.comment)

.debug
 *(.debug)

.line
 *(.line)

.debug_srcinfo
 *(.debug_srcinfo)

.debug_sfnames
 *(.debug_sfnames)

.debug_aranges  0x0000000000000000      0x154
 *(.debug_aranges)
 .debug_aranges
                0x0000000000000000       0x14 /usr/lib/gcc/msp430/4.6.3/mmpy-16/libgcc.a(_mul_sf.o)
 .debug_aranges
                0x0000000000000014       0x14 /usr/lib/gcc/msp430/4.6.3/mmpy-16/libgcc.a(_si_to_sf.o)
 .debug_aranges
                0x0000000000000028       0x14 /usr/lib/gcc/msp430/4.6.3/mmpy-16/libgcc.a(_clzsi2.o)
 .debug_aranges
                0x000000000000003c       0x14 /usr/lib/gcc/msp430/4.6.3/mmpy-16/libgcc.a(_pack_sf.o)
 .debug_aranges
                0x0000000000000050       0x14 /usr/lib/gcc/msp430/4.6.3/mmpy-16/libgcc.a(_unpack_sf.o)
 .debug_aranges
                0x0000000000000064       0x14 /usr/lib/gcc/msp430/4.6.3/../../../../msp430/lib/mmpy-16/libc.a(printf.o)
 .debug_aranges
                0x0000000000000078       0x14 /usr/lib/gcc/msp430/4.6.3/../../../../msp430/lib/mmpy-16/libc.a(vuprintf.o)
 .debug_aranges
                0x000000000000008c       0x14 /usr/lib/gcc/msp430/4.6.3/../../../../msp430/lib/mmpy-16/libc.a(puts.o)
 .debug_aranges
                0x00000000000000a0       0x14 /usr/lib/gcc/msp430/4.6.3/mmpy-16/libgcc.a(_udivmod16.o)
 .debug_aranges
                0x00000000000000b4       0x14 /usr/lib/gcc/msp430/4.6.3/mmpy-16/libgcc.a(_udivmod32.o)
 .debug_aranges
                0x00000000000000c8       0x14 /usr/lib/gcc/msp430/4.6.3/mmpy-16/libgcc.a(_udivmod64.o)
 .debug_aranges
                0x00000000000000dc       0x14 /usr/lib/gcc/msp430/4.6.3/mmpy-16/libcrt0.a(__watchdog_support.o)
 .debug_aranges
                0x00000000000000f0       0x14 /usr/lib/gcc/msp430/4.6.3/mmpy-16/libcrt0.a(__init_stack.o)
 .debug_aranges
                0x0000000000000104       0x14 /usr/lib/gcc/msp430/4.6.3/mmpy-16/libcrt0.a(_copy_data.o)
 .debug_aranges
                0x0000000000000118       0x14 /usr/lib/gcc/msp430/4.6.3/mmpy-16/libcrt0.a(_clear_bss.o)
 .debug_aranges
                0x000000000000012c       0x14 /usr/lib/gcc/msp430/4.6.3/mmpy-16/libcrt0.a(_endless_loop__.o)
 .debug_aranges
                0x0000000000000140       0x14 /usr/lib/gcc/msp430/4.6.3/mmpy-16/libcrt0.a(_unexpected_.o)

.debug_pubnames
 *(.debug_pubnames)

.debug_info     0x0000000000000000     0x1c48
 *(.debug_info)
 .debug_info    0x0000000000000000      0x3c9 /usr/lib/gcc/msp430/4.6.3/mmpy-16/libgcc.a(_mul_sf.o)
 .debug_info    0x00000000000003c9      0x20b /usr/lib/gcc/msp430/4.6.3/mmpy-16/libgcc.a(_si_to_sf.o)
 .debug_info    0x00000000000005d4      0x144 /usr/lib/gcc/msp430/4.6.3/mmpy-16/libgcc.a(_thenan_sf.o)
 .debug_info    0x0000000000000718      0x109 /usr/lib/gcc/msp430/4.6.3/mmpy-16/libgcc.a(_clzsi2.o)
 .debug_info    0x0000000000000821      0x2b1 /usr/lib/gcc/msp430/4.6.3/mmpy-16/libgcc.a(_pack_sf.o)
 .debug_info    0x0000000000000ad2      0x23e /usr/lib/gcc/msp430/4.6.3/mmpy-16/libgcc.a(_unpack_sf.o)
 .debug_info    0x0000000000000d10       0xa0 /usr/lib/gcc/msp430/4.6.3/mmpy-16/libgcc.a(_clz.o)
 .debug_info    0x0000000000000db0      0x105 /usr/lib/gcc/msp430/4.6.3/../../../../msp430/lib/mmpy-16/libc.a(printf.o)
 .debug_info    0x0000000000000eb5      0x565 /usr/lib/gcc/msp430/4.6.3/../../../../msp430/lib/mmpy-16/libc.a(vuprintf.o)
 .debug_info    0x000000000000141a       0x96 /usr/lib/gcc/msp430/4.6.3/../../../../msp430/lib/mmpy-16/libc.a(puts.o)
 .debug_info    0x00000000000014b0       0xec /usr/lib/gcc/msp430/4.6.3/mmpy-16/libgcc.a(_udivmod16.o)
 .debug_info    0x000000000000159c       0xec /usr/lib/gcc/msp430/4.6.3/mmpy-16/libgcc.a(_udivmod32.o)
 .debug_info    0x0000000000001688       0xec /usr/lib/gcc/msp430/4.6.3/mmpy-16/libgcc.a(_udivmod64.o)
 .debug_info    0x0000000000001774       0xce /usr/lib/gcc/msp430/4.6.3/mmpy-16/libcrt0.a(__watchdog_support.o)
 .debug_info    0x0000000000001842       0xce /usr/lib/gcc/msp430/4.6.3/mmpy-16/libcrt0.a(__init_stack.o)
 .debug_info    0x0000000000001910       0xce /usr/lib/gcc/msp430/4.6.3/mmpy-16/libcrt0.a(_copy_data.o)
 .debug_info    0x00000000000019de       0xce /usr/lib/gcc/msp430/4.6.3/mmpy-16/libcrt0.a(_clear_bss.o)
 .debug_info    0x0000000000001aac       0xce /usr/lib/gcc/msp430/4.6.3/mmpy-16/libcrt0.a(_endless_loop__.o)
 .debug_info    0x0000000000001b7a       0xce /usr/lib/gcc/msp430/4.6.3/mmpy-16/libcrt0.a(_unexpected_.o)
 *(.gnu.linkonce.wi.*)

.debug_abbrev   0x0000000000000000      0xbc3
 *(.debug_abbrev)
 .debug_abbrev  0x0000000000000000      0x1d9 /usr/lib/gcc/msp430/4.6.3/mmpy-16/libgcc.a(_mul_sf.o)
 .debug_abbrev  0x00000000000001d9      0x164 /usr/lib/gcc/msp430/4.6.3/mmpy-16/libgcc.a(_si_to_sf.o)
 .debug_abbrev  0x000000000000033d       0xba /usr/lib/gcc/msp430/4.6.3/mmpy-16/libgcc.a(_thenan_sf.o)
 .debug_abbrev  0x00000000000003f7       0xac /usr/lib/gcc/msp430/4.6.3/mmpy-16/libgcc.a(_clzsi2.o)
 .debug_abbrev  0x00000000000004a3      0x192 /usr/lib/gcc/msp430/4.6.3/mmpy-16/libgcc.a(_pack_sf.o)
 .debug_abbrev  0x0000000000000635      0x15a /usr/lib/gcc/msp430/4.6.3/mmpy-16/libgcc.a(_unpack_sf.o)
 .debug_abbrev  0x000000000000078f       0x61 /usr/lib/gcc/msp430/4.6.3/mmpy-16/libgcc.a(_clz.o)
 .debug_abbrev  0x00000000000007f0       0xd0 /usr/lib/gcc/msp430/4.6.3/../../../../msp430/lib/mmpy-16/libc.a(printf.o)
 .debug_abbrev  0x00000000000008c0      0x1ef /usr/lib/gcc/msp430/4.6.3/../../../../msp430/lib/mmpy-16/libc.a(vuprintf.o)
 .debug_abbrev  0x0000000000000aaf       0x60 /usr/lib/gcc/msp430/4.6.3/../../../../msp430/lib/mmpy-16/libc.a(puts.o)
 .debug_abbrev  0x0000000000000b0f       0x14 /usr/lib/gcc/msp430/4.6.3/mmpy-16/libgcc.a(_udivmod16.o)
 .debug_abbrev  0x0000000000000b23       0x14 /usr/lib/gcc/msp430/4.6.3/mmpy-16/libgcc.a(_udivmod32.o)
 .debug_abbrev  0x0000000000000b37       0x14 /usr/lib/gcc/msp430/4.6.3/mmpy-16/libgcc.a(_udivmod64.o)
 .debug_abbrev  0x0000000000000b4b       0x14 /usr/lib/gcc/msp430/4.6.3/mmpy-16/libcrt0.a(__watchdog_support.o)
 .debug_abbrev  0x0000000000000b5f       0x14 /usr/lib/gcc/msp430/4.6.3/mmpy-16/libcrt0.a(__init_stack.o)
 .debug_abbrev  0x0000000000000b73       0x14 /usr/lib/gcc/msp430/4.6.3/mmpy-16/libcrt0.a(_copy_data.o)
 .debug_abbrev  0x0000000000000b87       0x14 /usr/lib/gcc/msp430/4.6.3/mmpy-16/libcrt0.a(_clear_bss.o)
 .debug_abbrev  0x0000000000000b9b       0x14 /usr/lib/gcc/msp430/4.6.3/mmpy-16/libcrt0.a(_endless_loop__.o)
 .debug_abbrev  0x0000000000000baf       0x14 /usr/lib/gcc/msp430/4.6.3/mmpy-16/libcrt0.a(_unexpected_.o)

.debug_line     0x0000000000000000      0xf45
 *(.debug_line)
 .debug_line    0x0000000000000000      0x142 /usr/lib/gcc/msp430/4.6.3/mmpy-16/libgcc.a(_mul_sf.o)
 .debug_line    0x0000000000000142       0xd4 /usr/lib/gcc/msp430/4.6.3/mmpy-16/libgcc.a(_si_to_sf.o)
 .debug_line    0x0000000000000216       0x9f /usr/lib/gcc/msp430/4.6.3/mmpy-16/libgcc.a(_thenan_sf.o)
 .debug_line    0x00000000000002b5       0xc9 /usr/lib/gcc/msp430/4.6.3/mmpy-16/libgcc.a(_clzsi2.o)
 .debug_line    0x000000000000037e      0x10d /usr/lib/gcc/msp430/4.6.3/mmpy-16/libgcc.a(_pack_sf.o)
 .debug_line    0x000000000000048b       0xe8 /usr/lib/gcc/msp430/4.6.3/mmpy-16/libgcc.a(_unpack_sf.o)
 .debug_line    0x0000000000000573       0x8b /usr/lib/gcc/msp430/4.6.3/mmpy-16/libgcc.a(_clz.o)
 .debug_line    0x00000000000005fe       0x72 /usr/lib/gcc/msp430/4.6.3/../../../../msp430/lib/mmpy-16/libc.a(printf.o)
 .debug_line    0x0000000000000670      0x2d2 /usr/lib/gcc/msp430/4.6.3/../../../../msp430/lib/mmpy-16/libc.a(vuprintf.o)
 .debug_line    0x0000000000000942       0x4d /usr/lib/gcc/msp430/4.6.3/../../../../msp430/lib/mmpy-16/libc.a(puts.o)
 .debug_line    0x000000000000098f       0xa7 /usr/lib/gcc/msp430/4.6.3/mmpy-16/libgcc.a(_udivmod16.o)
 .debug_line    0x0000000000000a36       0xb6 /usr/lib/gcc/msp430/4.6.3/mmpy-16/libgcc.a(_udivmod32.o)
 .debug_line    0x0000000000000aec       0xfc /usr/lib/gcc/msp430/4.6.3/mmpy-16/libgcc.a(_udivmod64.o)
 .debug_line    0x0000000000000be8       0x8f /usr/lib/gcc/msp430/4.6.3/mmpy-16/libcrt0.a(__watchdog_support.o)
 .debug_line    0x0000000000000c77       0x8d /usr/lib/gcc/msp430/4.6.3/mmpy-16/libcrt0.a(__init_stack.o)
 .debug_line    0x0000000000000d04       0x93 /usr/lib/gcc/msp430/4.6.3/mmpy-16/libcrt0.a(_copy_data.o)
 .debug_line    0x0000000000000d97       0x93 /usr/lib/gcc/msp430/4.6.3/mmpy-16/libcrt0.a(_clear_bss.o)
 .debug_line    0x0000000000000e2a       0x8e /usr/lib/gcc/msp430/4.6.3/mmpy-16/libcrt0.a(_endless_loop__.o)
 .debug_line    0x0000000000000eb8       0x8d /usr/lib/gcc/msp430/4.6.3/mmpy-16/libcrt0.a(_unexpected_.o)

.debug_frame    0x0000000000000000      0x202
 *(.debug_frame)
 .debug_frame   0x0000000000000000       0x4a /usr/lib/gcc/msp430/4.6.3/mmpy-16/libgcc.a(_mul_sf.o)
 .debug_frame   0x000000000000004a       0x2c /usr/lib/gcc/msp430/4.6.3/mmpy-16/libgcc.a(_si_to_sf.o)
 .debug_frame   0x0000000000000076       0x2e /usr/lib/gcc/msp430/4.6.3/mmpy-16/libgcc.a(_clzsi2.o)
 .debug_frame   0x00000000000000a4       0x38 /usr/lib/gcc/msp430/4.6.3/mmpy-16/libgcc.a(_pack_sf.o)
 .debug_frame   0x00000000000000dc       0x28 /usr/lib/gcc/msp430/4.6.3/mmpy-16/libgcc.a(_unpack_sf.o)
 .debug_frame   0x0000000000000104       0x2a /usr/lib/gcc/msp430/4.6.3/../../../../msp430/lib/mmpy-16/libc.a(printf.o)
 .debug_frame   0x000000000000012e       0xb0 /usr/lib/gcc/msp430/4.6.3/../../../../msp430/lib/mmpy-16/libc.a(vuprintf.o)
 .debug_frame   0x00000000000001de       0x24 /usr/lib/gcc/msp430/4.6.3/../../../../msp430/lib/mmpy-16/libc.a(puts.o)

.debug_str      0x0000000000000000      0x578
 *(.debug_str)
 .debug_str     0x0000000000000000      0x1d2 /usr/lib/gcc/msp430/4.6.3/mmpy-16/libgcc.a(_mul_sf.o)
                                        0x219 (size before relaxing)
 .debug_str     0x00000000000001d2       0x27 /usr/lib/gcc/msp430/4.6.3/mmpy-16/libgcc.a(_si_to_sf.o)
                                        0x1d6 (size before relaxing)
 .debug_str     0x0000000000000000      0x192 /usr/lib/gcc/msp430/4.6.3/mmpy-16/libgcc.a(_thenan_sf.o)
 .debug_str     0x00000000000001f9       0xa8 /usr/lib/gcc/msp430/4.6.3/mmpy-16/libgcc.a(_clzsi2.o)
                                        0x19f (size before relaxing)
 .debug_str     0x00000000000002a1       0x10 /usr/lib/gcc/msp430/4.6.3/mmpy-16/libgcc.a(_pack_sf.o)
                                        0x1ef (size before relaxing)
 .debug_str     0x00000000000002b1        0xb /usr/lib/gcc/msp430/4.6.3/mmpy-16/libgcc.a(_unpack_sf.o)
                                        0x1d1 (size before relaxing)
 .debug_str     0x0000000000000000      0x182 /usr/lib/gcc/msp430/4.6.3/mmpy-16/libgcc.a(_clz.o)
 .debug_str     0x00000000000002bc       0x86 /usr/lib/gcc/msp430/4.6.3/../../../../msp430/lib/mmpy-16/libc.a(printf.o)
                                        0x136 (size before relaxing)
 .debug_str     0x0000000000000342      0x221 /usr/lib/gcc/msp430/4.6.3/../../../../msp430/lib/mmpy-16/libc.a(vuprintf.o)
                                        0x381 (size before relaxing)
 .debug_str     0x0000000000000563       0x15 /usr/lib/gcc/msp430/4.6.3/../../../../msp430/lib/mmpy-16/libc.a(puts.o)
                                         0xfc (size before relaxing)

.debug_loc      0x0000000000000000      0xcd1
 *(.debug_loc)
 .debug_loc     0x0000000000000000      0x248 /usr/lib/gcc/msp430/4.6.3/mmpy-16/libgcc.a(_mul_sf.o)
 .debug_loc     0x0000000000000248       0xa2 /usr/lib/gcc/msp430/4.6.3/mmpy-16/libgcc.a(_si_to_sf.o)
 .debug_loc     0x00000000000002ea       0x80 /usr/lib/gcc/msp430/4.6.3/mmpy-16/libgcc.a(_clzsi2.o)
 .debug_loc     0x000000000000036a      0x181 /usr/lib/gcc/msp430/4.6.3/mmpy-16/libgcc.a(_pack_sf.o)
 .debug_loc     0x00000000000004eb       0x83 /usr/lib/gcc/msp430/4.6.3/mmpy-16/libgcc.a(_unpack_sf.o)
 .debug_loc     0x000000000000056e       0x38 /usr/lib/gcc/msp430/4.6.3/../../../../msp430/lib/mmpy-16/libc.a(printf.o)
 .debug_loc     0x00000000000005a6      0x705 /usr/lib/gcc/msp430/4.6.3/../../../../msp430/lib/mmpy-16/libc.a(vuprintf.o)
 .debug_loc     0x0000000000000cab       0x26 /usr/lib/gcc/msp430/4.6.3/../../../../msp430/lib/mmpy-16/libc.a(puts.o)

.debug_macinfo
 *(.debug_macinfo)

.debug_pubtypes
 *(.debug_pubtypes)

.debug_ranges   0x0000000000000000       0x4c
 *(.debug_ranges)
 .debug_ranges  0x0000000000000000       0x28 /usr/lib/gcc/msp430/4.6.3/mmpy-16/libgcc.a(_mul_sf.o)
 .debug_ranges  0x0000000000000028        0xc /usr/lib/gcc/msp430/4.6.3/mmpy-16/libgcc.a(_clzsi2.o)
 .debug_ranges  0x0000000000000034       0x18 /usr/lib/gcc/msp430/4.6.3/../../../../msp430/lib/mmpy-16/libc.a(vuprintf.o)
                0x0000000000003900                PROVIDE (__stack, (ORIGIN (ram) + 0x2800))
                0x00000000000059ac                PROVIDE (__data_start_rom, _etext)
                0x00000000000059ac                PROVIDE (__data_end_rom, (_etext + SIZEOF (.data)))
OUTPUT(cuckoo.firmware elf32-msp430)
